// Jest Snapshot v1, https://goo.gl/fbAQLP

exports[`Click out side of a component 1`] = `
<div>
  <div>
    child
  </div>
</div>
`;
