// Jest Snapshot v1, https://goo.gl/fbAQLP

exports[`Click out side of a component 1`] = `
<div
  className="sc-bdVaJa kPnyzb"
>
  <div>
    <input
      className="sc-htpNat Jncmz"
      disabled={false}
      onChange={[Function]}
      onFocus={[Function]}
      onKeyPress={[Function]}
      placeholder="Choose an item"
      type="text"
      value=""
    />
    <ul
      className="sc-bxivhb hedZsr"
    >
      <li
        className="sc-ifAKCX hGzdEu"
        onClick={[Function]}
      >
        <span>
          test1
        </span>
      </li>
      <li
        className="sc-ifAKCX hGzdEu"
        onClick={[Function]}
      >
        <span>
          test2
        </span>
      </li>
    </ul>
  </div>
</div>
`;
